border_size=1
usage=map

       _s,       _s,       _s,       _s,       _s,       _s,       _s,       _s,       _s,       _s,       _s,       _s,       _s,       _s,       _s,       _s,       Rr,       _s,    Ww,       _s,       _s,       _s,       _s,       _s,       _s,       _s,       _s,       _s,       _s,       _s,       _s
       _s,       _s,       _s,       _s,       _s,       _s,       _s,       _s,       _s,       _s,       _s,       _s,       _s,       _s,       _s,       _s,       Rr,       _s,    Ww^Vm,       _s,       _s,       _s,       _s,       _s,       _s,       _s,       _s,       _s,       _s,       _s,       _s
       _s,       _s,       _s,       _s,       _s,       _s,       _s,       _s,       _s,       _s,       _s,       _s,       _s,       _s,       Rr,       Rr,       Rr,       Rr,       Wo,       Wo,       Wo,       _s,       _s,       _s,       _s,       _s,       _s,       _s,       _s,       _s,       _s
       _s,       _s,       _s,       _s,       _s,       _s,       _s,       _s,    Uu^Vu,       _s,       _s,       _s,       _s,      Wwf,       Ss,   Ss^Vhs,       Ql,       Wo,    Ww^Vm,       Wo,       Wo,    Uu^Vu,       _s,       _s,       _s,       _s,       _s,       _s,       _s,       _s,       _s
       _s,       _s,       _s,       _s,   Ss^Vhs,       Ss,      Wwf,     4 Kud,      Cud,       Uu,       Uu,       _s,       _s,      Wwf,       Ss,       Ql,       Ql,       Ww,       Ww,       Ww,       Wo,       Uu,       _s,       _s,       _s,       _s,       _s,       _s,       _s,       _s,       _s
       _s,       _s,       _s,       _s,       Ss,       Ww,       Ww,      Cud,      Cud,      Cud,       Uu,       _s,       _s,      Wwf,       Ss,       Ww,       Ww,       Ww,       Ww,       Ww,       Ce,       Ce,       _s,       _s,       _s,       _s,       _s,       _s,       _s,       _s,       _s
       _s,       _s,       _s,       Ss,       Ww,       Ww,       Ww,    Ww^Vm,       Wo,       Uu,      Cud,       _s,       _s,      Wwf,       Md,       Ww,       Md,       Ww,   Dd^Vdt,       Md,       Ce,     2 Ke,       Uu,       _s,       _s,       _s,       _s,       _s,       _s,       _s,       _s
       _s,       _s,       Ss,   Ss^Vhs,       Ww,       Ww,       Ww,       Ww,       Wo,       Wo,      Wwf,       _s,       _s,      Wwf,       Md,    Dd^Do,       Hd,    Dd^Do,   Dd^Vdt,       Md,       Rr,       Ce,       _s,       _s,       _s,       _s,       _s,       _s,       _s,       _s,       _s
       _s,       _s,       Ss,       Ww,       Ww,       Ww,       Ww,    Ww^Vm,       Wo,       Wo,      Wwf,       _s,       _s,       _s,       Ce,       Hd,   Dd^Vda,       Hd,       Ds,       Rr,       Uu,       Uu,       _s,       _s,       _s,       _s,       _s,       _s,       _s,       _s,       _s
       _s,       _s,   Ss^Vhs,       Ww,       Ww,       Ww,       Ww,       Ww,       Wo,       Wo,      Wwf,       Ww,    Ww^Vm,       Uu,       Uu,       Md,       Md,   Dd^Vdt,       Ww,       Ww,       Ww,       Ww,       Ww,       Wo,       Wo,       _s,       _s,       _s,       _s,       _s,       _s
       _s,       _s,       Ss,       Ww,       Ww,       Ww,       Ww,    Ww^Vm,       Wo,      Wwf,       Ww,       Ww,       Ww,       Ww,       Ww,       Uu,       Ww,       Ww,       Ww,       Ww,    Ww^Vm,       Ww,       Ww,    Ww^Vm,       Wo,       _s,       _s,       _s,       _s,       _s,       _s
       _s,       _s,       Ss,       Ww,       Ww,       Ww,       Wo,       Wo,      Wwf,      Wwf,       Ww,       Ww,       Ww,       Ww,       Ww,    Ww^Vm,       Ww,       Ww,       Ww,       Ww,       Ww,       Ww,       Ww,       Wo,       Wo,       Wo,       _s,       _s,       _s,       _s,       _s
       _s,       _s,   Ss^Vhs,       Ww,       Wo,       Wo,      Wwf,      Wwf,   Mm^Vhh,       Rr,       Rr,    Ww^Vm,       Ww,       Ww,       Ww,       Ww,       Ww,       Ww,       Ai,       Ww,       Ww,       Ww,       Ww,       Wo,       Wo,       Wo,       _s,       _s,       _s,       _s,       _s
       _s,       _s,       _s,       Wo,       _s,      Wwf,       Rr,       Rr,       Rr,       Rr,       Rr,       Ww,       Ai,       Ww,       Ww,       Ww,       Ai,       Ai,       Ai,      Chw,       Ww,       Ww,       Ww,    Ww^Vm,       Rr,       Wo,       _s,       _s,       _s,       _s,       _s
       _s,       _s,       _s,       _s,       _s,       _s,       _s,       _s,       _s,       _s,       _s,      Wwf,       Ai,      Chw,       Ss,       Ww,       Ai,       Ai,       Ai,      Chr,      Wwf,       Ww,       Rd,       Rr,       Rr,       _s,       _s,       _s,       _s,       _s,       _s
       _s,       _s,       _s,       _s,       _s,       _s,       _s,       _s,       _s,       _s,       _s,      Wwf,      Wwf,       Rr,       Ss,       Rr,       Rr,       Ai,      Chr,      Chr,       Kh,      Wwf,       Rd,       Rr,       Ww,       Wo,       _s,       _s,       _s,       _s,       _s
       _s,       _s,       _s,       _s,       _s,       _s,       _s,       _s,       _s,       _s,       _s,       _s,      Wwf,       Ss,       Rr,   Ss^Vhs,       Ss,       Rr,       Rr,      Wwf,       Ww,       Xu,      Wwf,   Ss^Vhs,       Ww,       Wo,       Wo,       _s,       _s,       _s,       _s
       _s,       _s,       _s,       _s,       _s,       _s,       _s,       _s,       _s,       _s,       _s,       _s,       Rr,       Rr,       Ss,       Rr,       Rr,   Ss^Vhs,       Ss,       Ww,       Xu,       Xu,      Wwf,       Ss,       Ww,    Ww^Vm,       Wo,       _s,       _s,       _s,       _s
       _s,       _s,       _s,       _s,       _s,       _s,       _s,       _s,       _s,       _s,       _s,       _s,      Wwf,       Ss,       Ss,       Ss,       Ww,       Ss,       Wo,       Xu,       Xu,       Xu,      Wwf,       Ss,       Ww,       Ww,       Wo,       Wo,       _s,       _s,       _s
       _s,       _s,       _s,       _s,       _s,       _s,       _s,       _s,       _s,       _s,       _s,      Wwf,       Ww,       Ww,       Ww,       Ww,       Ww,       Ww,       Wo,       Xu,       Xu,      Wwf,       Ss,   Ss^Vhs,       Ww,    Ww^Vm,       Wo,       Wo,       Wo,       _s,       _s
       _s,       _s,       _s,       _s,       _s,       _s,       _s,       _s,       _s,       _s,       _s,      Wwf,       Ww,    Ww^Vm,       Ww,    Ww^Vm,       Ww,       Ww,       Wo,       Wo,       Xu,      Wwf,       Ss,       Ww,       Ww,       Ww,       Wo,       Wo,       Wo,       _s,       _s
       _s,       _s,       _s,       _s,       _s,       _s,       _s,       _s,       _s,       _s,       Rd,      Wwf,       Ww,       Ww,       Ww,       Ww,      Wwf,      Wwf,       Ch,       Wo,       Xu,      Wwf,       Aa,       Ww,       Ww,    Ww^Vm,       Wo,       Wo,       Wo,       _s,       _s
       _s,       _s,       _s,       _s,       _s,       _s,       _s,       _s,       _s,       _s,       Rd,       Rr,       Rr,       Ww,       Wo,       Ww,       Rr,       Ch,       Ch,       Ch,       Xu,       Aa,       Aa,       Aa,       Ai,       Ww,       Wo,       Wo,       Wo,       _s,       _s
       _s,       _s,       _s,       _s,       _s,       _s,       _s,       _s,       _s,       _s,       Rr,       Rd,       Ch,       Rr,       Uu,       Rd,       Rr,       Rd,     3 Kh,       Uu,       Aa,       Aa,       Aa,       Aa,       Aa,       Ai,       Ai,       Wo,       Wo,       _s,       _s
       _s,       _s,       _s,       _s,       _s,       _s,       _s,       _s,       _s,       _s,       Rd,       Ch,       Ch,       Ch,       Uu,       Rd,       Rd,       Rr,       Rr,       Uu,       Aa,       Aa,       Ai,       Aa,       Aa,       Ai,       Ai,       Ai,       Ai,       _s,       _s
       _s,       _s,       _s,       _s,       _s,       _s,       _s,       _s,       _s,       _s,       Rr,       Rd,     1 Kh,       Rr,       Uu,       Xu,       Rr,       Rd,       Rr,       Uu,       Uu,       Ai,       Ai,       Ai,       Ai,       Ai,       Ai,       Ai,       _s,       _s,       _s
       _s,       _s,       _s,       _s,       _s,       _s,       _s,       _s,       _s,       _s,       Rd,       Rr,       Rr,       Rr,       Uu,       Xu,       Rd,       Rr,       Ww,       Rr,       Ww,       Ai,       Ai,       Ai,       Ai,       Ai,       Ai,       Ai,       _s,       _s,       _s
       _s,       _s,       _s,       _s,       _s,       _s,       _s,       _s,      Wwf,      Wwf,       Ww,       Rd,       Rr,       Rr,       Uu,       Xu,       Xu,       Rd,       Ww,       Ww,       Ww,       Ww,       _s,       _s,       _s,       _s,       _s,       _s,       _s,       _s,       _s
       _s,       _s,       _s,       _s,       _s,       _s,       _s,       _s,      Wwf,       Ww,       Ww,       Wo,       Wo,       Rr,       Wo,       Xu,       Xu,      Wwf,       Ww,    Ww^Vm,       Wo,       Wo,       Wo,       _s,       _s,       _s,       _s,       _s,       _s,       _s,       _s
       _s,       _s,       _s,       _s,       _s,       _s,       _s,      Wwf,   Ss^Vhs,       Ww,    Ww^Vm,       Wo,       Wo,       Wo,       Wo,       Wo,      Wwf,   Ss^Vhs,       Ww,       Ww,    Ww^Vm,       Wo,       Wo,       Wo,       Wo,       _s,       _s,       _s,       _s,       _s,       _s
       _s,       _s,       _s,       _s,       _s,       _s,       _s,      Wwf,       Ss,       Ww,       Ww,       Wo,       Wo,       Wo,       Wo,       Wo,      Wwf,       Ss,       Ww,       Ww,       Ww,       Wo,       Wo,       Wo,       Wo,       _s,       _s,       _s,       _s,       _s,       _s
       _s,       _s,       _s,       _s,       _s,       _s,      Wwf,      Wwf,       Ss,       Ww,    Ww^Vm,       Wo,       Wo,       Wo,       Wo,       Wo,      Wwf,       Ss,       Ss,       Ww,       Ww,    Ww^Vm,       Wo,       Wo,       Wo,       Wo,       _s,       _s,       _s,       _s,       _s
       _s,       _s,       _s,       _s,       _s,       _s,      Wwf,   Ss^Vhs,       Ww,       Ww,       Ww,       Wo,       Wo,       Wo,       Wo,       Wo,      Wwf,   Ss^Vhs,       Ss,       Ww,       Ww,       Ww,    Ww^Vm,       Wo,       Wo,       Wo,       Wo,       _s,       _s,       _s,       _s
       _s,       _s,       _s,       _s,       _s,       _s,      Wwf,       Ss,       Ww,       Ww,    Ww^Vm,       Wo,       Wo,       Wo,       Wo,       Wo,      Wwf,       Ss,       Ss,       Ss,       Ww,       Ww,       Ww,       Wo,       Wo,       Wo,       Wo,       _s,       _s,       _s,       _s
       _s,       _s,       _s,       _s,       _s,      Wwf,   Ss^Vhs,       Ss,       Ww,       Ww,       Ww,       Wo,       Wo,       Wo,       Wo,       Wo,      Wwf,       Ss,       Ss,       Ss,       Ww,       Ww,       Ww,       Wo,       Wo,       Wo,       Wo,       Wo,       _s,       _s,       _s
       _s,       _s,       _s,       _s,       _s,      Wwf,       Ss,       Ww,       Ww,       Ww,    Ww^Vm,       Wo,       Wo,       Wo,       Wo,       Wo,      Wwf,   Ss^Vhs,       Ss,       Ss,       Ww,       Ww,       Ww,       Wo,       Wo,       Wo,       Wo,       Wo,       _s,       _s,       _s
       _s,       _s,       _s,       _s,       _s,      Wwf,       Ss,       Ww,       Ww,       Ww,       Ww,       Wo,       Wo,       Wo,       Wo,       Wo,      Wwf,       Ss,       Ss,       Ss,       Ww,       Ww,       Ww,       Wo,       Wo,       Wo,       Wo,       Wo,       _s,       _s,       _s
       _s,       _s,       _s,       _s,       _s,      Wwf,       Ss,       Ww,       Ww,       Ww,       Ww,       Wo,       Wo,       Wo,       Wo,       Wo,      Wwf,       Ss,       Ss,       Ss,       Ww,       Ww,       Ww,       Wo,       Wo,       Wo,       Wo,       Wo,       _s,       _s,       _s
