
border_size=1
usage=map

       Xu,       Xu,       Xu,       Xu,    Uu^Ii,       Ww,    Uu^Ii,       Ww,    Uu^Ii,       Xu,       Xu,       Xu,       Xu,       Xu,       Xu,       Xu,       Xu,       Xu,       Xu,       Xu,       Xu,       Xu,       Xu,       Xu,       Xu,       Xu,       Xu,       Xu,       Xu,       Xu,       Xu,       Xu,       Xu,       Xu,       Xu,       Xu,       Xu,       Xu,       Xu,       Xu,       Xu,       Xu,       Xu,       Xu,       Xu,       Xu,       Xu,       Xu,       Xu,       Xu,       Uu,       Uu
       Xu,       Xu,       Xu,       Xu,    Uu^Ii,       Ww,    Uu^Ii,       Ww,    Uu^Ii,       Xu,       Xu,       Xu,       Xu,       Xu,       Xu,       Xu,       Xu,       Xu,       Xu,       Xu,       Xu,       Xu,       Xu,       Xu,       Xu,       Xu,       Xu,       Xu,       Xu,       Xu,       Xu,       Xu,       Xu,       Xu,       Xu,       Xu,       Xu,       Xu,       Xu,       Xu,       Xu,       Xu,       Xu,       Xu,       Xu,       Xu,       Xu,       Xu,       Xu,       Xu,       Uu,       Uu
       Xu,       Xu,       Xu,       Xu,       Uu,    Uu^Ii,       Uu,    Uu^Ii,       Uu,       Uu,       Xu,       Xu,       Xu,       Xu,       Xu,       Xu,       Xu,       Xu,       Ql,       Ql,       Ql,       Ql,       Ql,       Xu,       Xu,       Xu,       Xu,       Xu,       Xu,       Xu,       Xu,       Xu,       Xu,       Xu,       Xu,       Xu,       Xu,       Xu,       Xu,       Xu,       Xu,       Xu,       Xu,       Xu,       Xu,       Xu,       Xu,       Xu,       Xu,       Xu,       Xu,       Xu
       Xu,       Xu,       Xu,       Xu,       Xu,       Uu,       Uh,       Uu,       Uu,       Uu,       Xu,       Xu,       Xu,       Xu,       Xu,       Xu,       Xu,       Xu,       Ql,       Ql,       Xu,       Ql,       Ql,       Ql,       Xu,       Xu,       Xu,       Xu,       Xu,       Xu,       Xu,       Xu,       Xu,       Xu,       Xu,       Xu,       Xu,       Xu,       Xu,       Xu,       Xu,       Xu,       Xu,       Xu,       Xu,       Xu,       Xu,       Xu,       Xu,       Xu,       Xu,       Xu
       Xu,       Xu,       Xu,       Xu,       Xu,       Xu,       Xu,       Uh,       Uu,    Uu^Uf,       Uu,       Xu,       Xu,       Xu,       Xu,       Xu,       Xu,       Xu,       Ql,       Ql,       Xu,       Ql,       Xu,       Ql,       Xu,       Xu,       Xu,       Xu,       Xu,       Xu,       Xu,       Xu,       Xu,       Xu,       Xu,       Xu,       Xu,       Xu,       Xu,       Xu,       Xu,       Xu,       Xu,       Xu,       Xu,       Xu,       Xu,       Xu,       Xu,       Xu,       Xu,       Xu
       Xu,       Xu,       Xu,       Xu,       Xu,       Xu,       Xu,       Xu,       Xu,       Uu,       Uu,       Uu,       Xu,       Xu,       Xu,       Xu,       Xu,       Xu,       Xu,       Ql,       Ql,       Ql,       Ql,       Ql,       Xu,       Xu,       Xu,       Xu,       Xu,       Xu,       Xu,       Xu,       Xu,       Xu,       Xu,       Xu,       Xu,       Xu,       Xu,       Xu,       Xu,       Xu,       Xu,       Xu,       Xu,       Xu,       Xu,       Xu,       Xu,       Xu,       Xu,       Xu
       Xu,       Xu,       Xu,       Xu,       Xu,       Xu,       Xu,       Xu,       Xu,       Uh,       Uu,       Uu,       Uu,       Xu,       Xu,       Xu,       Xu,       Xu,       Xu,       Ql,       Ql,       Ql,       Ql,       Xu,       Xu,       Xu,       Xu,       Xu,       Xu,       Xu,       Xu,       Xu,      Qxu,      Qxu,      Qxu,       Xu,      Qxu,       Xu,       Xu,       Xu,       Xu,       Xu,       Xu,       Xu,       Xu,       Xu,       Xu,       Xu,       Xu,       Xu,       Xu,       Xu
       Xu,       Xu,       Xu,       Xu,       Xu,       Xu,       Xu,       Xu,       Xu,       Xu,       Uu,    Uu^Uf,       Uu,       Xu,       Xu,       Xu,       Xu,       Xu,       Xu,       Ql,       Ql,       Ql,       Ql,       Xu,       Xu,       Xu,       Xu,       Xu,       Xu,       Xu,      Qxu,      Qxu,      Qxu,      Qxu,      Qxu,      Qxu,      Qxu,      Qxu,      Qxu,       Xu,       Xu,       Xu,       Xu,       Xu,       Xu,       Xu,       Xu,       Xu,       Xu,       Xu,       Xu,       Xu
       Xu,       Xu,       Xu,       Xu,       Xu,       Xu,       Xu,       Xu,       Uh,       Uu,    Uu^Uf,    Uu^Uf,       Xu,       Xu,       Xu,       Xu,       Xu,       Xu,       Xu,       Ql,       Ql,       Ql,       Ql,       Xu,       Xu,       Xu,       Xu,       Xu,       Xu,      Qxu,      Qxu,      Qxu,      Qxu,      Qxu,      Qxu,      Qxu,      Qxu,      Qxu,      Qxu,       Xu,       Xu,       Xu,       Xu,       Xu,       Xu,       Xu,       Xu,       Xu,       Xu,       Xu,       Xu,       Xu
       Xu,       Xu,       Xu,       Xu,       Xu,       Xu,       Uh,       Uh,       Uu,       Uu,       Uu,       Uu,       Xu,       Xu,       Xu,       Xu,       Xu,       Xu,       Xu,       Ql,       Ql,       Ql,       Ql,       Xu,       Xu,       Xu,       Xu,       Xu,      Qxu,      Qxu,      Qxu,      Qxu,      Qxu,      Qxu,      Qxu,      Qxu,      Qxu,      Qxu,      Qxu,      Qxu,       Xu,       Xu,       Xu,       Xu,       Xu,       Xu,       Xu,       Xu,       Xu,       Xu,       Xu,       Xu
       Xu,       Xu,       Xu,       Xu,       Xu,       Uh,       Uu,       Uh,       Uu,       Uu,       Uu,       Xu,       Xu,       Xu,       Xu,       Xu,       Xu,       Xu,       Xu,       Xu,       Ql,       Ql,       Xu,       Xu,       Xu,       Xu,       Xu,      Qxu,      Qxu,      Qxu,      Qxu,      Qxu,      Qxu,      Qxu,      Qxu,      Qxu,      Qxu,      Qxu,      Qxu,      Qxu,      Qxu,       Xu,       Xu,       Xu,       Xu,       Xu,       Xu,       Xu,       Xu,       Xu,       Xu,       Xu
       Xu,       Xu,       Xu,       Xu,       Xu,       Xu,       Uu,       Uu,       Uu,       Uu,       Uu,       Uu,       Uu,       Xu,      Qxu,       Xu,      Qxu,      Qxu,       Uu,       Ql,       Ql,       Uu,       Xu,       Xu,      Qxu,       Xu,      Qxu,      Qxu,      Qxu,      Qxu,      Qxu,      Qxu,       Uu,      Qxu,       Uu,      Qxu,      Qxu,      Qxu,      Qxu,      Qxu,      Qxu,       Xu,       Xu,       Xu,       Xu,       Xu,       Xu,       Xu,       Xu,       Xu,       Xu,       Xu
       Xu,       Xu,       Xu,       Xu,       Xu,       Xu,      Qxu,      Qxu,      Qxu,       Uu,       Uu,       Uu,      Qxu,      Qxu,      Qxu,      Qxu,       Uh,       Uu,       Ql,       Ql,       Uu,       Ql,       Xu,       Xu,      Qxu,      Qxu,      Qxu,      Qxu,      Qxu,      Qxu,       Uu,       Uu,       Uu,       Uu,       Uu,       Uu,       Uu,      Qxu,      Qxu,      Qxu,      Qxu,      Qxu,       Xu,       Xu,       Xu,       Xu,       Xu,       Xu,       Xu,       Xu,       Xu,       Xu
       Xu,       Xu,       Xu,       Xu,      Qxu,      Qxu,      Qxu,      Qxu,      Qxu,      Qxu,       Uu,       Uu,      Qxu,      Qxu,      Qxu,       Uu,       Uu,       Uu,       Uu,       Xu,       Xu,       Xu,       Xu,       Xu,      Qxu,      Qxu,      Qxu,      Qxu,      Qxu,       Uu,       Uu,       Uu,      Qxu,      Qxu,      Qxu,       Uu,       Uu,      Qxu,      Qxu,      Qxu,      Qxu,      Qxu,       Xu,       Xu,       Xu,       Xu,       Xu,       Xu,       Xu,       Xu,       Xu,       Xu
       Xu,       Xu,       Xu,       Xu,      Qxu,      Qxu,      Qxu,      Qxu,       Uu,      Qxu,       Uu,       Uu,       Uu,      Qxu,      Qxu,      Qxu,       Uu,       Uu,       Uu,       Uu,       Xu,       Xu,       Xu,       Xu,      Qxu,      Qxu,      Qxu,      Qxu,      Qxu,       Uu,       Uu,      Qxu,      Qxu,      Qxu,      Qxu,      Qxu,       Uu,      Qxu,      Qxu,      Qxu,      Qxu,      Qxu,      Qxu,       Xu,       Xu,       Xu,       Xu,       Xu,       Xu,       Xu,       Xu,       Xu
       Xu,       Xu,       Xu,       Xu,      Qxu,      Qxu,      Qxu,      Qxu,       Uu,       Uh,       Uh,    Uu^Vu,       Uu,       Uu,      Qxu,      Qxu,      Qxu,      Qxu,       Uu,       Uu,       Xu,       Uu,      Qxu,      Qxu,      Qxu,      Qxu,      Qxu,      Qxu,       Uu,       Uu,       Uu,      Qxu,      Qxu,   Gg^Fet,      Qxu,      Qxu,       Uu,      Qxu,      Qxu,      Qxu,      Qxu,      Qxu,      Qxu,       Xu,       Xu,       Xu,       Xu,       Xu,       Xu,       Xu,       Xu,       Xu
       Xu,       Xu,       Xu,       Xu,      Qxu,      Qxu,      Qxu,      Qxu,      Qxu,       Uu,       Uu,       Uu,       Uu,       Uu,      Qxu,      Qxu,      Qxu,      Qxu,       Uu,       Uu,      Qxu,      Qxu,      Qxu,      Qxu,      Qxu,      Qxu,      Qxu,      Qxu,       Uu,       Uu,      Qxu,      Qxu,      Qxu,   Ww^Bw|,      Qxu,      Qxu,       Uu,       Uu,      Qxu,      Qxu,      Qxu,      Qxu,      Qxu,       Xu,       Xu,       Xu,       Xu,       Xu,       Xu,       Xu,       Xu,       Xu
       Xu,       Xu,       Xu,       Xu,      Qxu,      Qxu,       Uu,      Qxu,       Uu,      Qxu,      Qxu,       Uu,      Qxu,       Uu,       Uu,      Qxu,      Qxu,      Qxu,       Uu,       Uu,      Qxu,      Qxu,      Qxu,      Qxu,      Qxu,      Qxu,      Qxu,      Qxu,       Uu,      Qxu,      Qxu,      Qxu,      Qxu,   Ww^Bw|,      Qxu,      Qxu,       Uu,       Uu,      Qxu,      Qxu,      Qxu,      Qxu,      Qxu,       Xu,       Xu,       Xu,       Xu,       Xu,       Xu,       Xu,       Xu,       Xu
       Xu,       Xu,       Xu,       Xu,      Qxu,      Qxu,       Uu,       Uh,       Uh,       Uu,      Qxu,      Qxu,      Qxu,      Qxu,      Qxu,       Uu,       Uu,       Uu,       Uu,       Uu,       Uu,      Qxu,      Qxu,      Qxu,      Qxu,      Qxu,      Qxu,      Qxu,       Uu,      Qxu,      Qxu,      Qxu,      Qxu,   Ww^Bw|,      Qxu,      Qxu,       Uu,       Uu,      Qxu,      Qxu,      Qxu,      Qxu,      Qxu,      Qxu,       Xu,       Xu,       Xu,       Xu,       Xu,       Xu,       Xu,       Xu
       Xu,       Xu,       Xu,       Xu,      Qxu,       Uu,       Uu,   Uu^Vud,       Uh,       Uu,       Uu,      Qxu,      Qxu,      Qxu,      Qxu,      Qxu,       Uu,       Uu,    Uu^Uf,       Uu,       Uu,      Qxu,      Qxu,      Qxu,      Qxu,      Qxu,      Qxu,      Qxu,       Uu,       Uu,      Qxu,      Qxu,      Qxu,   Ww^Bw|,      Qxu,      Qxu,       Uu,       Uu,      Qxu,      Qxu,      Qxu,      Qxu,      Qxu,      Qxu,       Xu,       Xu,       Xu,       Xu,       Xu,       Xu,       Xu,       Xu
       Xu,       Xu,       Xu,       Xu,      Qxu,      Qxu,       Uu,       Uu,       Uu,       Uu,       Uu,       Uu,       Uu,      Qxu,      Qxu,      Qxu,       Uu,       Uu,       Ww,    Uu^Uf,       Uu,       Uu,      Qxu,      Qxu,      Qxu,      Qxu,      Qxu,      Qxu,       Uu,       Uu,       Uu,      Qxu,       Uu,       Uu,       Uu,       Uu,       Uu,       Uu,      Qxu,      Qxu,       Uu,       Uu,       Uu,       Uu,       Uu,       Xu,       Xu,       Xu,       Xu,       Xu,       Xu,       Xu
       Xu,       Xu,       Xu,       Xu,      Qxu,      Qxu,      Qxu,      Qxu,      Qxu,       Uu,      Qxu,       Uu,       Uu,       Uu,       Uu,       Uu,       Uu,    Uu^Uf,       Uu,       Uu,      Qxu,      Qxu,      Qxu,      Qxu,      Qxu,      Qxu,       Uu,      Cud,      Cud,       Uu,       Uu,       Uu,       Uu,       Uu,       Uu,       Uu,       Uu,       Uu,      Qxu,       Uu,       Xu,       Uu,       Uu,       Uu,       Uu,       Uu,       Uu,       Xu,       Xu,       Xu,       Xu,       Xu
       Xu,       Xu,       Xu,       Xu,      Qxu,      Qxu,      Qxu,      Qxu,      Qxu,      Qxu,      Qxu,      Qxu,       Ai,       Uu,      Qxu,      Qxu,      Qxu,      Qxu,      Qxu,      Qxu,      Qxu,      Qxu,       Uu,       Uu,       Uu,    Uu^Vu,       Uu,       Uh,       Uh,      Cud,       Kud,       Uu,       Uu,       Uu,       Uu,       Uu,       Uu,       Uu,       Uu,       Uu,       Uu,       Uu,       Uu,       Uu,       Uu,       Uh,       Uu,       Xu,       Xu,       Xu,       Xu,       Xu
       Xu,       Xu,       Xu,       Xu,      Qxu,      Qxu,       Uu,    Uu^Ii,       Uu,      Qxu,      Qxu,      Qxu,       Ai,      Qxu,      Qxu,      Qxu,      Qxu,      Qxu,      Qxu,      Qxu,       Uu,       Uu,       Uu,       Uu,       Uu,       Xu,    Uu^Vu,       Uu,    Uu^Vu,      Cud,       Uh,       Uu,       Uu,       Uu,       Uu,       Uu,       Uu,       Uu,       Uu,       Uu,       Uu,       Xu,       Uu,       Uu,       Xu,       Uu,       Xu,       Xu,       Xu,       Xu,       Xu,       Xu
       Xu,       Xu,       Xu,       Xu,      Qxu,      Qxu,       Uu,       Uh,       Uh,       Uh,       Ai,       Aa,      Qxu,      Qxu,      Qxu,      Qxu,       Uu,       Uu,       Uh,      Qxu,       Uu,       Uu,       Uu,       Uu,       Uu,       Uu,       Uu,       Uu,       Uu,      Cud,       Uu,       Uu,       Uu,       Uu,       Uu,       Uu,       Uu,       Uu,      Qxu,      Qxu,      Qxu,       Uu,      Qxu,      Qxu,       Xu,       Xu,       Xu,       Xu,       Xu,       Xu,       Xu,       Xu
       Xu,       Xu,       Xu,       Xu,      Qxu,      Qxu,      Qxu,       Uu,       Uu,       Ai,       Ai,       Ai,       Uu,      Qxu,    Uu^Uf,       Uu,       Uu,       Uh,       Uu,       Uu,       Uu,       Uu,       Uu,       Uu,      Qxu,       Uu,       Uu,       Xu,    Uu^Vu,       Uh,       Uu,       Uu,       Uu,       Uu,      Qxu,       Uu,      Qxu,      Qxu,      Qxu,      Qxu,      Qxu,      Qxu,      Qxu,      Qxu,       Xu,       Xu,       Xu,       Xu,       Xu,       Xu,       Xu,       Xu
       Xu,       Xu,       Xu,       Xu,       Xu,      Qxu,      Qxu,      Qxu,      Qxu,       Uu,      Qxu,       Uu,       Uu,       Uh,       Uu,       Uu,       Uu,       Uu,       Uu,       Uh,       Uu,      Qxu,      Qxu,      Qxu,      Qxu,      Qxu,      Qxu,       Uu,      Qxu,      Qxu,      Qxu,       Uu,      Qxu,      Qxu,      Qxu,      Qxu,      Qxu,      Qxu,      Qxu,      Qxu,      Qxu,      Qxu,      Qxu,      Qxu,       Xu,       Xu,       Xu,       Xu,       Xu,       Xu,       Xu,       Xu
       Xu,       Xu,       Xu,       Xu,       Xu,       Xu,       Xu,      Qxu,      Qxu,      Qxu,      Qxu,      Qxu,      Qxu,       Uu,      Qxu,      Qxu,      Qxu,       Uu,       Uu,       Uu,      Qxu,      Qxu,      Qxu,      Qxu,      Qxu,      Qxu,      Qxu,      Qxu,      Qxu,      Qxu,      Qxu,      Qxu,      Qxu,      Qxu,      Qxu,      Qxu,      Qxu,      Qxu,      Qxu,      Qxu,      Qxu,      Qxu,       Xu,       Xu,       Xu,       Xu,       Xu,       Xu,       Xu,       Xu,       Xu,       Xu
       Xu,       Xu,       Xu,       Xu,       Xu,       Xu,       Xu,       Xu,       Xu,       Xu,       Xu,       Xu,       Xu,      Qxu,      Qxu,      Qxu,      Qxu,      Qxu,      Qxu,      Qxu,      Qxu,      Qxu,      Qxu,      Qxu,      Qxu,      Qxu,      Qxu,      Qxu,      Qxu,      Qxu,      Qxu,      Qxu,      Qxu,      Qxu,      Qxu,      Qxu,      Qxu,      Qxu,      Qxu,      Qxu,       Xu,       Xu,       Xu,       Xu,       Xu,       Xu,       Xu,       Xu,       Xu,       Xu,       Xu,       Xu
       Xu,       Xu,       Xu,       Xu,       Xu,       Xu,       Xu,       Xu,       Xu,       Xu,       Xu,       Xu,       Xu,       Xu,       Xu,       Xu,       Xu,      Qxu,      Qxu,      Qxu,      Qxu,      Qxu,      Qxu,      Qxu,      Qxu,      Qxu,      Qxu,      Qxu,      Qxu,      Qxu,      Qxu,      Qxu,      Qxu,      Qxu,       Xu,      Qxu,       Xu,       Xu,       Xu,       Xu,       Xu,       Xu,       Wo,       Xu,       Wo,       Xu,       Wo,       Xu,       Xu,       Xu,       Xu,       Xu
       Xu,       Xu,       Xu,       Xu,       Xu,       Xu,       Xu,       Xu,       Xu,       Xu,       Wo,       Xu,       Wo,       Xu,       Wo,       Xu,       Wo,       Xu,       Xu,      Qxu,       Xu,      Qxu,       Xu,      Qxu,       Xu,      Qxu,       Xu,      Qxu,       Xu,      Qxu,       Xu,       Xu,       Xu,       Xu,       Xu,       Xu,       Wo,       Xu,       Wo,       Xu,       Wo,       Wo,       Wo,       Wo,       Wo,       Wo,       Wo,       Wo,       Wo,       Wo,       Wo,       Wo
       Xu,       Xu,       Xu,       Xu,       Xu,       Xu,       Xu,       Xu,       Wo,       Wo,       Wo,       Wo,       Wo,       Wo,       Wo,       Wo,       Wo,       Wo,       Wo,       Xu,       Wo,       Xu,       Wo,       Xu,       Wo,       Xu,       Wo,       Xu,       Wo,       Xu,       Wo,       Wo,       Wo,       Xu,       Wo,       Wo,       Wo,       Wo,       Wo,       Wo,       Wo,       Wo,       Wo,       Wo,       Wo,       Wo,       Wo,       Wo,       Wo,       Wo,       Wo,       Wo
       Xu,       Xu,       Xu,       Xu,       Xu,       Xu,       Xu,       Wo,       Wo,       Wo,       Wo,       Wo,       Wo,       Wo,       Wo,       Wo,       Wo,       Wo,       Wo,       Wo,       Wo,       Wo,       Wo,       Wo,       Wo,       Wo,       Wo,       Wo,       Wo,       Wo,       Wo,       Wo,       Wo,       Wo,       Wo,       Wo,       Wo,       Wo,       Wo,       Wo,       Wo,       Wo,       Wo,       Wo,       Wo,       Wo,       Wo,       Wo,       Wo,       Wo,       Wo,       Wo
       Xu,       Xu,       Xu,       Xu,       Xu,       Xu,       Xu,       Wo,       Wo,       Wo,       Wo,       Wo,       Wo,       Wo,       Wo,       Wo,       Wo,       Wo,       Wo,       Wo,       Wo,       Wo,       Wo,       Wo,       Wo,       Wo,       Wo,       Wo,       Wo,       Wo,       Wo,       Wo,       Wo,       Wo,       Wo,       Wo,       Wo,       Wo,       Wo,       Wo,       Wo,       Wo,       Wo,       Wo,       Wo,       Wo,       Wo,       Wo,       Wo,       Wo,       Wo,       Wo
       Xu,       Xu,       Xu,       Xu,       Xu,       Xu,       Xu,       Wo,       Wo,       Wo,       Wo,       Wo,       Wo,       Wo,       Wo,       Wo,       Wo,       Wo,       Wo,       Wo,       Wo,       Wo,       Wo,       Wo,       Wo,       Wo,       Wo,       Wo,       Wo,       Wo,       Wo,       Wo,       Wo,       Wo,       Wo,       Wo,       Wo,       Wo,       Wo,       Wo,       Wo,       Wo,       Wo,       Wo,       Wo,       Wo,       Wo,       Wo,       Wo,       Wo,       Wo,       Wo
       Xu,       Xu,       Xu,       Xu,       Xu,       Xu,       Xu,       Xu,       Xu,       Wo,       Wo,       Wo,       Wo,       Wo,       Wo,       Wo,       Wo,       Wo,       Wo,       Wo,       Wo,       Wo,       Wo,       Wo,       Wo,       Wo,       Wo,       Wo,       Wo,       Wo,       Wo,       Wo,       Wo,       Wo,       Wo,       Wo,       Wo,       Wo,       Wo,       Wo,       Wo,       Wo,       Wo,       Wo,       Wo,       Wo,       Wo,       Wo,       Wo,       Wo,       Wo,       Wo
       Xu,       Xu,       Xu,       Xu,       Xu,       Xu,       Xu,       Xu,       Wo,       Wo,       Wo,       Wo,       Wo,       Wo,       Wo,       Wo,       Wo,       Wo,       Wo,       Wo,       Wo,       Wo,       Wo,       Wo,       Wo,       Wo,       Wo,       Wo,       Wo,       Wo,       Wo,       Wo,       Wo,       Wo,       Wo,       Wo,       Wo,       Wo,       Wo,       Wo,       Wo,       Wo,       Wo,       Wo,       Wo,       Wo,       Wo,       Wo,       Wo,       Wo,       Ww,       Ww
       Xu,       Xu,       Xu,       Xu,       Xu,       Xu,       Xu,       Wo,       Wo,       Wo,       Wo,       Wo,       Wo,       Wo,       Ww,       Wo,       Wo,       Wo,       Ww,       Wo,       Wo,       Wo,       Wo,       Wo,       Wo,       Wo,       Ww,       Ww,       Ww,       Wo,       Ww,       Wo,       Wo,       Wo,       Ww,       Wo,       Ww,       Ww,       Ww,       Wo,       Ww,       Ww,       Ww,       Ww,       Ww,       Wo,       Ww,       Wo,       Wo,       Ww,       Ww,       Ww
       Xu,       Xu,       Xu,       Xu,       Xu,       Xu,       Xu,       Xu,       Xu,       Xu,       Wo,       Wo,       Ww,       Ww,       Ww,       Ww,       Ww,       Ww,       Ww,       Ww,       Ww,       Wo,       Ww,       Wo,       Wo,       Wo,       Ww,    Gs^Fp,       Ww,       Ww,       Wo,       Wo,       Wo,       Ww,    Gs^Fp,       Ww,       Gg,    Gs^Fp,       Gg,       Ds,       Gg,       Gg,       Gg,       Gg,       Gg,       Ww,    Gs^Fp,       Ww,       Ww,       Ww,    Gs^Fp,    Gs^Fp
       Xu,       Xu,       Xu,       Xu,       Xu,       Xu,       Xu,       Xu,       Xu,       Xu,       Wo,       Ww,       Gg,    Gs^Fp,    Gs^Fp,    Gs^Fp,    Gs^Fp,    Gs^Fp,    Gs^Fp,    Gs^Fp,    Gs^Fp,       Ww,       Ww,       Ww,       Wo,       Ww,       Ww,    Gs^Fp,       Ww,       Wo,       Wo,       Wo,       Wo,       Wo,       Ww,    Gs^Fp,    Gs^Fp,       Gg,    Gs^Fp,       Ds,    Gs^Fp,    Gs^Fp,    Gs^Fp,    Gs^Fp,   Ss^Vhs,       Gg,    Gs^Fp,       Gg,    Gs^Fp,    Gs^Fp,    Gs^Fp,    Gs^Fp
       Xu,       Xu,       Xu,       Xu,       Xu,       Xu,       Xu,       Xu,       Wo,       Wo,       Wo,       Ww,    Gs^Fp,       Gg,       Gg,    Gs^Fp,    Gs^Fp,    Gs^Fp,    Gs^Fp,    Gs^Fp,    Gs^Fp,    Gs^Fp,    Gs^Fp,       Ww,       Ww,       Wo,       Ww,       Ww,       Ww,       Wo,       Wo,       Wo,       Wo,       Wo,       Ww,       Gg,       Gg,    Gs^Fp,       Re,       Re,    Gs^Fp,    Gs^Fp,    Gs^Fp,    Gs^Fp,    Gs^Fp,    Gs^Fp,    Gs^Fp,       Gg,    Gs^Fp,    Gs^Fp,    Gs^Fp,    Gs^Fp
       Xu,       Xu,       Xu,       Xu,       Xu,       Xu,       Xu,       Xu,       Xu,       Xu,       Wo,       Ww,       Ww,    Gs^Ft,    Gs^Fp,       Gg,       Gg,    Gs^Fp,    Gs^Fp,    Gs^Fp,    Gs^Fp,    Gs^Fp,    Gs^Fp,       Ww,       Ww,       Wo,       Wo,       Wo,       Ww,       Wo,       Wo,       Wo,       Wo,       Wo,       Wo,       Ww,       Gg,       Re,       Re,    Gs^Fp,    Gs^Fp,       Re,       Re,    Gs^Fp,    Gs^Fp,    Gs^Fp,    Gs^Fp,    Gs^Fp,   Ss^Vhs,    Gs^Fp,    Gs^Fp,    Gs^Fp
       Xu,       Xu,       Xu,       Xu,       Xu,       Xu,       Xu,       Wo,       Wo,       Xu,       Ww,       Ww,    Gs^Fp,       Ww,   Ww^Bw/,    Gs^Fp,    Gs^Fp,    Gs^Fp,    Gs^Fp,    Gs^Fp,    Gs^Fp,    Gs^Fp,    Gs^Fp,       Ww,       Ww,       Wo,       Wo,       Wo,       Wo,       Wo,       Wo,       Wo,       Wo,       Wo,       Wo,       Ww,       Ww,       Gg,       Gg,       Re,       Re,       Re,    Gs^Fp,       Re,       Re,    Gs^Fp,    Gs^Fp,    Gs^Fp,    Gs^Fp,    Gs^Fp,    Gs^Fp,    Gs^Fp
       Xu,       Xu,    Gs^Fp,    Gs^Fp,       Gg,    Gs^Ft,    Gs^Ft,    Gs^Fp,       Ww,       Wo,       Ww,    Gs^Fp,       Gs,    Gs^Fp,       Ww,    Gs^Fp,    Gs^Fp,    Gs^Fp,       Gg,    Gs^Fp,    Gs^Fp,       Ww,       Ww,       Ww,       Ww,       Wo,       Wo,       Wo,       Wo,       Ww,       Wo,       Wo,       Wo,       Wo,       Wo,       Wo,       Wo,       Gg,       Gg,    Gs^Fp,       Re,       Re,       Re,    Gs^Fp,    Gs^Fp,       Ce,       Ce,    Gs^Fp,    Gs^Fp,    Gs^Fp,    Gs^Fp,    Gs^Fp
    Gs^Fp,    Gs^Fp,    Gs^Ft,       Gg,    Gs^Fp,       Gg,       Ww,       Ww,       Wo,       Wo,       Ww,    Gs^Fp,    Gs^Fp,    Gs^Fp,       Ww,    Gs^Fp,    Gs^Fp,    Gs^Fp,    Gs^Fp,    Gs^Fp,    Gs^Fp,    Gs^Fp,    Gs^Fp,       Ww,       Ww,       Wo,       Wo,       Wo,       Wo,       Wo,       Ww,       Wo,       Wo,       Wo,       Wo,       Wo,       Wo,       Ww,       Gg,    Gs^Fp,    Gs^Fp,       Re,       Re,     5 Ke,       Ce,     6 Ke,    Gs^Fp,       Ce,    Gs^Fp,       Gg,       Gg,       Gg
    Gs^Fp,    Gs^Fp,    Gs^Ft,    Gs^Fp,       Ww,       Ww,       Ww,       Wo,       Ww,       Ww,    Gg^Ve,       Ww,   Ww^Bw|,       Ww,    Gs^Ft,    Gs^Ft,       Ch,       Ch,       Kh,    Gs^Fp,    Gs^Fp,    Gs^Fp,       Gg,    Gs^Fp,       Gg,       Ww,       Ww,       Wo,       Wo,       Wo,       Wo,       Wo,       Wo,       Wo,       Wo,       Wo,       Wo,       Ww,       Gg,    Gs^Fp,    Gs^Fp,    Gs^Fp,    Gs^Fp,       Ce,     3 Ke,       Gs,       Ww,     4 Ke,       Wo,       Ww,       Gg,       Gg
    Gs^Fp,    Gs^Fp,    Gs^Fp,       Ww,       Wo,       Wo,       Wo,       Wo,       Ww,    Gs^Fp,       Gg,    Gs^Fp,    Gs^Fp,    Gs^Fp,    Gs^Fp,    Gs^Ft,       Ch,    Gs^Fp,       Ch,    Gs^Fp,    Gs^Fp,       Gg,    Gg^Ve,       Gg,    Gs^Fp,       Gg,    Gs^Fp,       Gg,       Ww,       Wo,       Wo,       Wo,       Wo,       Wo,       Wo,       Wo,       Wo,       Ww,    Gs^Fp,    Gs^Fp,    Gs^Fp,    Gs^Fp,    Gs^Fp,    Gs^Fp,    Gs^Fp,       Ce,     2 Ke,       Ce,       Wo,       Ww,       Gg,       Gg
    Gs^Fp,    Gs^Fp,    Gs^Fp,       Ww,       Ww,       Wo,       Ww,       Ww,    Gs^Fp,    Gs^Fp,    Gs^Fp,       Gg,    Gs^Ft,       Gg,       Gg,    Gs^Fp,    Gs^Ft,    Gs^Fp,    Gs^Fp,    Gs^Fp,    Gs^Fp,    Gs^Fp,    Gs^Fp,    Gs^Fp,    Gs^Fp,       Ww,       Ww,       Gg,       Ww,       Ww,       Wo,       Wo,       Wo,       Wo,       Wo,       Wo,       Wo,       Ww,       Ww,    Gs^Fp,    Gs^Fp,   Ss^Vhs,    Gs^Fp,    Gs^Fp,    Gs^Fp,    Gs^Fp,       Wo,       Wo,    Gs^Fp,    Gs^Fp,       Xu,       Xu
    Gs^Fp,    Gs^Fp,    Gs^Fp,       Ww,       Ww,       Wo,       Wo,       Ww,       Ww,    Gs^Fp,    Gs^Fp,    Gs^Fp,    Gs^Fp,       Ch,       Kh,    Gs^Fp,    Gs^Fp,     1 Kh,    Gs^Fp,    Gs^Fp,    Gs^Fp,    Gs^Fp,    Gs^Fp,    Gs^Fp,       Gg,       Ww,       Ww,       Ww,       Ww,       Ww,       Ww,       Wo,       Ww,       Wo,       Wo,       Wo,       Wo,       Ww,       Ww,    Gs^Fp,    Gs^Fp,    Gs^Fp,    Gs^Fp,    Gs^Fp,    Gs^Fp,       Gg,       Ww,       Gg,    Gs^Fp,    Gs^Fp,       Xu,       Xu
    Gs^Fp,    Gs^Fp,    Gs^Fp,    Gs^Fp,    Gs^Ft,       Ww,       Ww,       Wo,       Wo,       Ww,       Ww,    Gs^Fp,      Wwf,      Wwf,       Ch,    Gs^Fp,    Gs^Fp,    Gs^Fp,    Gs^Fp,    Gs^Fp,       Gg,       Gg,    Gs^Fp,       Gg,       Gg,    Gs^Fp,       Gg,       Ww,       Gg,       Ww,       Ww,       Wo,       Ww,       Wo,       Wo,       Wo,       Wo,       Wo,       Ww,    Gs^Fp,    Gs^Fp,    Gs^Fp,    Gs^Fp,    Gs^Fp,       Ds,       Ds,      Wwf,       Ds,       Ds,       Xu,       Xu,       Xu
    Gs^Fp,    Gs^Fp,    Gs^Fp,    Gs^Ft,    Gs^Ft,    Gs^Ft,    Gs^Fp,       Ww,       Ww,       Wo,       Wo,       Ww,    Gs^Fp,    Gs^Fp,    Gs^Fp,    Gs^Fp,    Gs^Fp,    Gs^Fp,    Gs^Fp,    Gs^Fp,    Gs^Fp,    Gs^Fp,    Gs^Fp,    Gs^Fp,    Gs^Fp,       Gg,       Gg,       Gg,       Gg,       Ww,       Ww,       Ww,       Ww,       Wo,       Wo,       Wo,       Xu,       Xu,       Xu,       Xu,       Xu,       Xu,       Xu,       Xu,       Xu,      Wwf,       Ww,      Wwf,       Xu,       Xu,       Xu,       Xu
    Gs^Fp,    Gs^Fp,    Gs^Fp,    Gs^Ft,    Gs^Ft,    Gs^Ft,    Gs^Fp,       Ww,       Ww,       Wo,       Wo,       Ww,    Gs^Fp,    Gs^Fp,    Gs^Fp,    Gs^Fp,    Gs^Fp,    Gs^Fp,    Gs^Fp,    Gs^Fp,    Gs^Fp,    Gs^Fp,    Gs^Fp,    Gs^Fp,    Gs^Fp,       Gg,       Gg,       Gg,       Gg,       Ww,       Ww,       Ww,       Ww,       Wo,       Wo,       Wo,       Xu,       Xu,       Xu,       Xu,       Xu,       Xu,       Xu,       Xu,       Xu,      Wwf,       Ww,      Wwf,       Xu,       Xu,       Xu,       Xu
