border_size=1
usage=map

       _s,       _s,       _s,       _s,       _s,       _s,       _s,       _s,       _s,       _s,       _s,       _s,       _s,       _s,       _s,       _s,       _s,       _s,       _s,       _s,       _s,       _s,       _s,       _s,       _s
       _s,       _s,       _s,       _s,       _s,       _s,       _s,       _s,       _s,       _s,       _s,       _s,       _s,       _s,       _s,       _s,       _s,       _s,       _s,       _s,       _s,       _s,       _s,       _s,       _s
       _s,       _s,       _s,       _s,       _s,       _s,       _s,       _s,       _s,       _s,       _s,       _s,       _s,       _s,       _s,       _s,       _s,       _s,       _s,       _s,       _s,       _s,       _s,       _s,       _s
       _s,       _s,       _s,       _s,       _s,       _s,       _s,       _s,       _s,       _s,       _s,       _s,       _s,       _s,       _s,       _s,       _s,       _s,       _s,       _s,       _s,       _s,       _s,       _s,       _s
       _s,       _s,       _s,       _s,       _s,       _s,       _s,       _s,       _s,       _s,       _s,       _s,       _s,       _s,       _s,       _s,       _s,       _s,       _s,       _s,       _s,       _s,       _s,       _s,       _s
       _s,       _s,       _s,       _s,       _s,       _s,       _s,       _s,       _s,       _s,       _s,       _s,       _s,       _s,       _s,       _s,       _s,       _s,       _s,       _s,       _s,       _s,       _s,       _s,       _s
       _s,       _s,       _s,       _s,       _s,       _s,       _s,       _s,       Ww,       _s,       Ww,       _s,       _s,       _s,       Ww,       Ww,       _s,       _s,       _s,       _s,       _s,       _s,       _s,       _s,       _s
       _s,       _s,       _s,       _s,       _s,       _s,       Ww,       Ww,       Gg,       Ww,       Gg,       Ww,       Ww,       Ww,    Gs^Ft,       Ww,       Ww,       _s,       _s,       _s,       _s,       _s,       _s,       _s,       _s
       _s,       _s,       _s,       _s,       _s,       _s,       Ww,   Gg^Fet,   Dd^Vdt,       Ww,    Gs^Ft,       Mm,       Gs,    Gs^Ft,       Dd,       Ww,    Gs^Ft,       Ww,       Ww,       _s,       _s,       _s,       _s,       _s,       _s
       _s,       _s,       _s,       _s,       Ww,       Ww,       Hh,    Gs^Ft,       Gs,       Dd,    Uu^Uf,       Gs,       Ql,    Uu^Uf,       Rd,   Hh^Vhh,       Hh,       Dd,    Dd^Do,       Ww,       Ww,       _s,       _s,       _s,       _s
       _s,       _s,       _s,       _s,       Ww,    Uu^Vu,       Dd,       Gs,      Qxu,       Gg,       Gg,       Gg,       Gg,       Gg,       Gg,       Gg,       Gg,       Hh,     1 Kh,       Dd,       Ww,       _s,       _s,       _s,       _s
       _s,       _s,       _s,       _s,       Ww,     3 Kh,     2 Kh,       Gs,       Gg,       Gg,       Gg,       Gg,      Chs,       Gg,       Gg,      Qxu,       Gs,       Gs,       Dd,     4 Kh,       Ww,       _s,       _s,       _s,       _s
       _s,       _s,       _s,       _s,       Ww,       Ss,    Dd^Do,       Hd,    Gs^Ft,    Gs^Ft,   Hh^Vhh,    Uu^Uf,       Ww,    Uu^Uf,    Uu^Vu,    Gs^Ft,       Dd,       Hd,       Ss,   Dd^Vdt,       Ww,       _s,       _s,       _s,       _s
       _s,       _s,       _s,       _s,       _s,       Ww,       Ww,       Dd,       Dd,       Hh,       Ww,       Gg,    Gs^Fp,       Ww,       Gg,    Gs^Ft,       Ww,       Ww,       Ww,       Ww,       _s,       _s,       _s,       _s,       _s
       _s,       _s,       _s,       _s,       _s,       _s,       _s,       Ww,       Ww,       Ww,       _s,       Ww,       Ww,       Ww,       Ww,       Ww,       _s,       _s,       _s,       _s,       _s,       _s,       _s,       _s,       _s
       _s,       _s,       _s,       _s,       _s,       _s,       _s,       _s,       _s,       _s,       _s,       _s,       _s,       _s,       _s,       _s,       _s,       _s,       _s,       _s,       _s,       _s,       _s,       _s,       _s
       _s,       _s,       _s,       _s,       _s,       _s,       _s,       _s,       _s,       _s,       _s,       _s,       _s,       _s,       _s,       _s,       _s,       _s,       _s,       _s,       _s,       _s,       _s,       _s,       _s
       _s,       _s,       _s,       _s,       _s,       _s,       _s,       _s,       _s,       _s,       _s,       _s,       _s,       _s,       _s,       _s,       _s,       _s,       _s,       _s,       _s,       _s,       _s,       _s,       _s
       _s,       _s,       _s,       _s,       _s,       _s,       _s,       _s,       _s,       _s,       _s,       _s,       _s,       _s,       _s,       _s,       _s,       _s,       _s,       _s,       _s,       _s,       _s,       _s,       _s
       _s,       _s,       _s,       _s,       _s,       _s,       _s,       _s,       _s,       _s,       _s,       _s,       _s,       _s,       _s,       _s,       _s,       _s,       _s,       _s,       _s,       _s,       _s,       _s,       _s
       _s,       _s,       _s,       _s,       _s,       _s,       _s,       _s,       _s,       _s,       _s,       _s,       _s,       _s,       _s,       _s,       _s,       _s,       _s,       _s,       _s,       _s,       _s,       _s,       _s
